// Jest Snapshot v1, https://goo.gl/fbAQLP

exports[`<Card/> should match its reference snapshot 1`] = `
<div
  className="card undefined medium"
  onClick={[Function]}
>
  <span
    className="symbol"
  >
    ðŸ˜Š
  </span>
</div>
`;
